

================================================================
== Vitis HLS Report for 'lz4CompressPart1_4096_1_s'
================================================================
* Date:           Mon Oct 27 16:28:59 2025

* Version:        2024.2 (Build 5238294 on Nov  8 2024)
* Project:        lz4_compress_configed
* Solution:       hls (Vivado IP Flow Target)
* Product family: zynq
* Target device:  xc7z020-clg484-1


================================================================
== Performance Estimates
================================================================
+ Timing: 
    * Summary: 
    +--------+---------+----------+------------+
    |  Clock |  Target | Estimated| Uncertainty|
    +--------+---------+----------+------------+
    |ap_clk  |  7.00 ns|  6.300 ns|     0.70 ns|
    +--------+---------+----------+------------+

+ Latency: 
    * Summary: 
    +---------+---------+----------+----------+-----+-----+---------+
    |  Latency (cycles) |  Latency (absolute) |  Interval | Pipeline|
    |   min   |   max   |    min   |    max   | min | max |   Type  |
    +---------+---------+----------+----------+-----+-----+---------+
    |        ?|        ?|         ?|         ?|    ?|    ?|       no|
    +---------+---------+----------+----------+-----+-----+---------+

    + Detail: 
        * Instance: 
        +--------------------------------------------------------+---------------------------------------------+---------+---------+----------+----------+-----+-----+------------------------------------------------+
        |                                                        |                                             |  Latency (cycles) |  Latency (absolute) |  Interval |                    Pipeline                    |
        |                        Instance                        |                    Module                   |   min   |   max   |    min   |    max   | min | max |                      Type                      |
        +--------------------------------------------------------+---------------------------------------------+---------+---------+----------+----------+-----+-----+------------------------------------------------+
        |grp_lz4CompressPart1_4096_1_Pipeline_lz4_divide_fu_140  |lz4CompressPart1_4096_1_Pipeline_lz4_divide  |        ?|        ?|         ?|         ?|    0|    0|  loop auto-rewind stp (delay=0 clock cycles(s))|
        +--------------------------------------------------------+---------------------------------------------+---------+---------+----------+----------+-----+-----+------------------------------------------------+

        * Loop: 
        N/A



================================================================
== Utilization Estimates
================================================================
* Summary: 
+-----------------+---------+-----+--------+-------+-----+
|       Name      | BRAM_18K| DSP |   FF   |  LUT  | URAM|
+-----------------+---------+-----+--------+-------+-----+
|DSP              |        -|    -|       -|      -|    -|
|Expression       |        -|    -|       0|    307|    -|
|FIFO             |        -|    -|       -|      -|    -|
|Instance         |        -|    -|     270|    382|    -|
|Memory           |        -|    -|       -|      -|    -|
|Multiplexer      |        -|    -|       0|    160|    -|
|Register         |        -|    -|     206|      -|    -|
+-----------------+---------+-----+--------+-------+-----+
|Total            |        0|    0|     476|    849|    0|
+-----------------+---------+-----+--------+-------+-----+
|Available        |      280|  220|  106400|  53200|    0|
+-----------------+---------+-----+--------+-------+-----+
|Utilization (%)  |        0|    0|      ~0|      1|    0|
+-----------------+---------+-----+--------+-------+-----+

+ Detail: 
    * Instance: 
    +--------------------------------------------------------+---------------------------------------------+---------+----+-----+-----+-----+
    |                        Instance                        |                    Module                   | BRAM_18K| DSP|  FF | LUT | URAM|
    +--------------------------------------------------------+---------------------------------------------+---------+----+-----+-----+-----+
    |grp_lz4CompressPart1_4096_1_Pipeline_lz4_divide_fu_140  |lz4CompressPart1_4096_1_Pipeline_lz4_divide  |        0|   0|  270|  382|    0|
    +--------------------------------------------------------+---------------------------------------------+---------+----+-----+-----+-----+
    |Total                                                   |                                             |        0|   0|  270|  382|    0|
    +--------------------------------------------------------+---------------------------------------------+---------+----+-----+-----+-----+

    * DSP: 
    N/A

    * Memory: 
    N/A

    * FIFO: 
    N/A

    * Expression: 
    +--------------------------------+----------+----+---+----+------------+------------+
    |          Variable Name         | Operation| DSP| FF| LUT| Bitwidth P0| Bitwidth P1|
    +--------------------------------+----------+----+---+----+------------+------------+
    |sub17_fu_179_p2                 |         +|   0|  0|  39|          32|           3|
    |ap_block_state3                 |       and|   0|  0|   2|           1|           1|
    |ap_block_state7                 |       and|   0|  0|   2|           1|           1|
    |ap_predicate_op44_write_state7  |       and|   0|  0|   2|           1|           1|
    |has_next_value_fu_173_p2        |      icmp|   0|  0|  38|          31|           1|
    |icmp_ln144_fu_223_p2            |      icmp|   0|  0|  39|          32|           1|
    |icmp_ln150_fu_235_p2            |      icmp|   0|  0|  39|          32|           1|
    |icmp_ln51_fu_158_p2             |      icmp|   0|  0|  39|          32|           1|
    |is_max_lit_fu_229_p2            |      icmp|   0|  0|  39|          32|          13|
    |ap_block_state1                 |        or|   0|  0|   2|           1|           1|
    |lit_count_flag_fu_240_p2        |        or|   0|  0|   2|           1|           1|
    |tmpValue_1_fu_257_p3            |    select|   0|  0|  64|           1|          45|
    +--------------------------------+----------+----+---+----+------------+------------+
    |Total                           |          |   0|  0| 307|         197|          70|
    +--------------------------------+----------+----+---+----+------------+------------+

    * Multiplexer: 
    +-------------------------------------------+----+-----------+-----+-----------+
    |                    Name                   | LUT| Input Size| Bits| Total Bits|
    +-------------------------------------------+----+-----------+-----+-----------+
    |ap_NS_fsm                                  |  42|          8|    1|          8|
    |ap_done                                    |   9|          2|    1|          2|
    |ap_phi_mux_lit_count_flag_1_phi_fu_133_p4  |   9|          2|   32|         64|
    |boosterStream_blk_n                        |   9|          2|    1|          2|
    |boosterStream_read                         |  14|          3|    1|          3|
    |input_size_blk_n                           |   9|          2|    1|          2|
    |input_size_c_blk_n                         |   9|          2|    1|          2|
    |lenOffset_Stream_blk_n                     |   9|          2|    1|          2|
    |lenOffset_Stream_din                       |   9|          2|   64|        128|
    |lenOffset_Stream_write                     |  14|          3|    1|          3|
    |lit_count_flag_1_reg_130                   |   9|          2|   32|         64|
    |max_lit_limit                              |   9|          2|   32|         64|
    |real_start                                 |   9|          2|    1|          2|
    +-------------------------------------------+----+-----------+-----+-----------+
    |Total                                      | 160|         34|  169|        346|
    +-------------------------------------------+----+-----------+-----+-----------+

    * Register: 
    +---------------------------------------------------------------------+----+----+-----+-----------+
    |                                 Name                                | FF | LUT| Bits| Const Bits|
    +---------------------------------------------------------------------+----+----+-----+-----------+
    |ap_CS_fsm                                                            |   7|   0|    7|          0|
    |ap_done_reg                                                          |   1|   0|    1|          0|
    |boosterStream_read_reg_288                                           |  32|   0|   32|          0|
    |grp_lz4CompressPart1_4096_1_Pipeline_lz4_divide_fu_140_ap_start_reg  |   1|   0|    1|          0|
    |has_next_value_reg_293                                               |   1|   0|    1|          0|
    |icmp_ln144_reg_314                                                   |   1|   0|    1|          0|
    |icmp_ln51_reg_284                                                    |   1|   0|    1|          0|
    |input_size_4_reg_277                                                 |  32|   0|   32|          0|
    |is_max_lit_reg_318                                                   |   1|   0|    1|          0|
    |lit_count_flag_1_reg_130                                             |  32|   0|   32|          0|
    |max_lit_limit_preg                                                   |  32|   0|   32|          0|
    |nextEncodedValue_reg_118                                             |  32|   0|   32|          0|
    |start_once_reg                                                       |   1|   0|    1|          0|
    |sub17_reg_303                                                        |  32|   0|   32|          0|
    +---------------------------------------------------------------------+----+----+-----+-----------+
    |Total                                                                | 206|   0|  206|          0|
    +---------------------------------------------------------------------+----+----+-----+-----------+



================================================================
== Interface
================================================================
* Summary: 
+---------------------------------+-----+-----+------------+---------------------------+--------------+
|            RTL Ports            | Dir | Bits|  Protocol  |       Source Object       |    C Type    |
+---------------------------------+-----+-----+------------+---------------------------+--------------+
|ap_clk                           |   in|    1|  ap_ctrl_hs|  lz4CompressPart1<4096, 1>|  return value|
|ap_rst                           |   in|    1|  ap_ctrl_hs|  lz4CompressPart1<4096, 1>|  return value|
|ap_start                         |   in|    1|  ap_ctrl_hs|  lz4CompressPart1<4096, 1>|  return value|
|start_full_n                     |   in|    1|  ap_ctrl_hs|  lz4CompressPart1<4096, 1>|  return value|
|ap_done                          |  out|    1|  ap_ctrl_hs|  lz4CompressPart1<4096, 1>|  return value|
|ap_continue                      |   in|    1|  ap_ctrl_hs|  lz4CompressPart1<4096, 1>|  return value|
|ap_idle                          |  out|    1|  ap_ctrl_hs|  lz4CompressPart1<4096, 1>|  return value|
|ap_ready                         |  out|    1|  ap_ctrl_hs|  lz4CompressPart1<4096, 1>|  return value|
|start_out                        |  out|    1|  ap_ctrl_hs|  lz4CompressPart1<4096, 1>|  return value|
|start_write                      |  out|    1|  ap_ctrl_hs|  lz4CompressPart1<4096, 1>|  return value|
|boosterStream_dout               |   in|   32|     ap_fifo|              boosterStream|       pointer|
|boosterStream_empty_n            |   in|    1|     ap_fifo|              boosterStream|       pointer|
|boosterStream_read               |  out|    1|     ap_fifo|              boosterStream|       pointer|
|boosterStream_num_data_valid     |   in|    4|     ap_fifo|              boosterStream|       pointer|
|boosterStream_fifo_cap           |   in|    4|     ap_fifo|              boosterStream|       pointer|
|lit_outStream_din                |  out|    8|     ap_fifo|              lit_outStream|       pointer|
|lit_outStream_full_n             |   in|    1|     ap_fifo|              lit_outStream|       pointer|
|lit_outStream_write              |  out|    1|     ap_fifo|              lit_outStream|       pointer|
|lit_outStream_num_data_valid     |   in|   14|     ap_fifo|              lit_outStream|       pointer|
|lit_outStream_fifo_cap           |   in|   14|     ap_fifo|              lit_outStream|       pointer|
|lenOffset_Stream_din             |  out|   64|     ap_fifo|           lenOffset_Stream|       pointer|
|lenOffset_Stream_full_n          |   in|    1|     ap_fifo|           lenOffset_Stream|       pointer|
|lenOffset_Stream_write           |  out|    1|     ap_fifo|           lenOffset_Stream|       pointer|
|lenOffset_Stream_num_data_valid  |   in|    7|     ap_fifo|           lenOffset_Stream|       pointer|
|lenOffset_Stream_fifo_cap        |   in|    7|     ap_fifo|           lenOffset_Stream|       pointer|
|input_size_dout                  |   in|   32|     ap_fifo|                 input_size|       pointer|
|input_size_empty_n               |   in|    1|     ap_fifo|                 input_size|       pointer|
|input_size_read                  |  out|    1|     ap_fifo|                 input_size|       pointer|
|input_size_num_data_valid        |   in|    3|     ap_fifo|                 input_size|       pointer|
|input_size_fifo_cap              |   in|    3|     ap_fifo|                 input_size|       pointer|
|max_lit_limit                    |  out|   32|      ap_vld|              max_lit_limit|       pointer|
|max_lit_limit_ap_vld             |  out|    1|      ap_vld|              max_lit_limit|       pointer|
|input_size_c_din                 |  out|   32|     ap_fifo|               input_size_c|       pointer|
|input_size_c_full_n              |   in|    1|     ap_fifo|               input_size_c|       pointer|
|input_size_c_write               |  out|    1|     ap_fifo|               input_size_c|       pointer|
|input_size_c_num_data_valid      |   in|    3|     ap_fifo|               input_size_c|       pointer|
|input_size_c_fifo_cap            |   in|    3|     ap_fifo|               input_size_c|       pointer|
+---------------------------------+-----+-----+------------+---------------------------+--------------+

